// Jest Snapshot v1, https://goo.gl/fbAQLP

exports[`Footer should render self and subcomponents 1`] = `
<footer
  className="Footer"
>
  <p
    className="copyright"
  >
    Â© 2017. Brenton Cozby. View more projects at 
    <a
      href="https://brentoncozby.com"
    >
      brentoncozby.com
    </a>
    .
  </p>
</footer>
`;
